// Jest Snapshot v1, https://goo.gl/fbAQLP

exports[`match on Shallow mode 1`] = `
<div>
  About Component!
</div>
`;
