// Jest Snapshot v1, https://goo.gl/fbAQLP

exports[`Creates Action cityTemperature_Add 1`] = `
Object {
  "payload": Object {
    "date": 2017-12-06T14:14:58.080Z,
    "id": 3871336,
    "temperature": 25,
  },
  "type": "CITY_TEMPERATURE__ADD",
}
`;
